bypass_x: compiling; KILLED; test_exact_bytes_and_refusals
bypass_y: compiling; KILLED; test_exact_bytes_and_refusals
bypass_z: compiling; KILLED; test_exact_bytes_and_refusals
bypass_teff: compiling; KILLED; test_exact_bytes_and_refusals
bypass_v: compiling; KILLED; test_exact_bytes_and_refusals
nan_guard: compiling; SURVIVED; test_nonfinite_each_field
neuter_finite_range: compiling; KILLED; test_nonfinite_each_field
lower_range: compiling; KILLED; test_exact_bytes_and_refusals
upper_range: compiling; KILLED; test_exact_bytes_and_refusals
negative_flag: compiling; KILLED; test_exact_bytes_and_refusals
high_flag: compiling; KILLED; test_exact_bytes_and_refusals
drop_previous_error: compiling; KILLED; test_exact_bytes_and_refusals
final_error_to_empty: compiling; KILLED; test_exact_bytes_and_refusals
return_valid_prefix: compiling; KILLED; test_exact_bytes_and_refusals
swap_xy: compiling; KILLED; test_exact_bytes_and_refusals
swap_teff_v: compiling; KILLED; test_exact_bytes_and_refusals
flags_integer_bits: compiling; KILLED; test_exact_bytes_and_refusals
f64: compiling; KILLED; test_exact_bytes_and_refusals
drop_row: compiling; KILLED; test_exact_bytes_and_refusals
duplicate_row: compiling; KILLED; test_exact_bytes_and_refusals
lose_signed_zero: compiling; KILLED; test_exact_bytes_and_refusals
flush_subnormal: compiling; KILLED; test_exact_bytes_and_refusals
wrong_ties: compiling; KILLED; test_exact_bytes_and_refusals
wrong_carry: compiling; KILLED; test_exact_bytes_and_refusals
N1_wrong_WD_predicate: compiling; KILLED; strict transformVm N1
N2_strip_two: compiling; KILLED; strict transformVm N2
sim/tools/catalogue_bytes.ail restored SHA256 3c3723bcfcc9e0652e5fb029ab2d45cf79ca59fe31b14cacf959e1e621eb7d40
sim/tools/catalogue.ail restored SHA256 147e2454f91c12d8807419e367a08e4daba3a84c6aea8f61ab9a6e195ad818bf
big_endian: compiling; KILLED; test_exact_bytes_and_refusals; restored SHA256 3c3723bcfcc9e0652e5fb029ab2d45cf79ca59fe31b14cacf959e1e621eb7d40
